2025-12-05T10:52:09+00:00 DEBUG #7298 - [New Request] POST /index.php
2025-12-05T10:52:09+00:00 DEBUG #7298 - Webhook lock acquired for 'register'.
2025-12-05T10:52:09+00:00 DEBUG #7298 - Webhook operation 'register' started.
2025-12-05T10:52:09+00:00 DEBUG #7298 - GET https://api.woocommerce.com/integrations/ppc/v1/notifications/webhooks
Response: Array
(
    [code] => 404
    [message] => Not Found
)

Response Body: {"statusCode":404,"error":"Not Found","message":"Not Found"}
2025-12-05T10:52:09+00:00 ERROR #7298 - Failed to delete webhooks: [Error] Not Found
2025-12-05T10:52:09+00:00 INFO #7298 - Webhooks deleted.
2025-12-05T10:52:10+00:00 DEBUG #7298 - POST https://api.woocommerce.com/integrations/ppc/v1/notifications/webhooks
Request Body: {"url":"https:\/\/localhost:8080\/index.php?rest_route=\/paypal\/v1\/incoming","event_types":[{"name":"CHECKOUT.ORDER.APPROVED"},{"name":"CHECKOUT.ORDER.COMPLETED"},{"name":"CHECKOUT.PAYMENT-APPROVAL.REVERSED"},{"name":"PAYMENT.CAPTURE.REFUNDED"},{"name":"PAYMENT.AUTHORIZATION.VOIDED"},{"name":"PAYMENT.CAPTURE.REVERSED"},{"name":"PAYMENT.ORDER.CANCELLED"},{"name":"PAYMENT.CAPTURE.DENIED"},{"name":"PAYMENT.CAPTURE.COMPLETED"},{"name":"VAULT.PAYMENT-TOKEN.CREATED"},{"name":"VAULT.PAYMENT-TOKEN.DELETED"},{"name":"PAYMENT.CAPTURE.PENDING"},{"name":"PAYMENT.SALE.COMPLETED"},{"name":"PAYMENT.SALE.REFUNDED"},{"name":"BILLING.SUBSCRIPTION.CANCELLED"},{"name":"BILLING.PLAN.PRICING-CHANGE.ACTIVATED"},{"name":"CATALOG.PRODUCT.UPDATED"},{"name":"BILLING.PLAN.UPDATED"}]}
Response: Array
(
    [code] => 404
    [message] => Not Found
)

Response Body: {"statusCode":404,"error":"Not Found","message":"Not Found"}
2025-12-05T10:52:10+00:00 ERROR #7298 - Failed to subscribe webhooks: [Error] Not Found
2025-12-05T10:52:10+00:00 DEBUG #7298 - Webhook lock released for 'register'.
2025-12-05T10:56:42+00:00 DEBUG #8031 - [New Request] POST /index.php
2025-12-05T10:56:42+00:00 DEBUG #8031 - Webhook lock acquired for 'unregister'.
2025-12-05T10:56:42+00:00 DEBUG #8031 - Webhook operation 'unregister' started.
2025-12-05T10:56:42+00:00 DEBUG #8031 - GET https://api.woocommerce.com/integrations/ppc/v1/notifications/webhooks
Response: Array
(
    [code] => 404
    [message] => Not Found
)

Response Body: {"statusCode":404,"error":"Not Found","message":"Not Found"}
2025-12-05T10:56:42+00:00 ERROR #8031 - Failed to delete webhooks: [Error] Not Found
2025-12-05T10:56:42+00:00 INFO #8031 - Webhooks deleted.
2025-12-05T10:56:42+00:00 DEBUG #8031 - Webhook lock released for 'unregister'.
